2,-0.16867544800912748,0,0
1,0.12625228724267906,0,0
0,-0.1287043266364859,0,0
